[+] Containers:
 |- [+] Container: /Game/ThirdPerson/Maps/ThirdPersonMap
 |   |- [+] ActorDescs:
 |   |   |- Guid:2FB58999456391D349DC0F86DAC136ED NativeClass:/Script/Engine.SkyLight Name:SkyLight_1 Label:SkyLight SpatiallyLoaded:false EditorBounds:IsValid=true, Min=(X=0.000 Y=0.000 Z=690.000), Max=(X=0.000 Y=0.000 Z=690.000) RuntimeBounds:IsValid=true, Min=(X=0.000 Y=0.000 Z=690.000), Max=(X=0.000 Y=0.000 Z=690.000) RuntimeGrid:None EditorOnly:false RuntimeOnly:false HLODRelevant:false ListedInSceneOutliner:true IsMainWorldOnly:false FolderPath:Lighting FolderGuid:963EC3EB4002CCE9759E2EBA541A873A
 |   |   |- Guid:316CF2A6494ACA4C0E4180A87D36AB8F NativeClass:/Script/Engine.ExponentialHeightFog Name:ExponentialHeightFog_0 Label:ExponentialHeightFog SpatiallyLoaded:false EditorBounds:IsValid=true, Min=(X=-5600.000 Y=-50.000 Z=-6850.000), Max=(X=-5600.000 Y=-50.000 Z=-6850.000) RuntimeBounds:IsValid=true, Min=(X=-5600.000 Y=-50.000 Z=-6850.000), Max=(X=-5600.000 Y=-50.000 Z=-6850.000) RuntimeGrid:None EditorOnly:false RuntimeOnly:false HLODRelevant:false ListedInSceneOutliner:true IsMainWorldOnly:false FolderPath:Lighting FolderGuid:963EC3EB4002CCE9759E2EBA541A873A
 |   |   |- Guid:3669C34C467195507C89A5AA026DBC00 NativeClass:/Script/Engine.StaticMeshActor Name:StaticMeshActor_UAID_74563C9219408FDC02_1856353983 Label:sciana SpatiallyLoaded:true EditorBounds:IsValid=true, Min=(X=890.000 Y=965.000 Z=5.000), Max=(X=1190.000 Y=1025.000 Z=605.000) RuntimeBounds:IsValid=true, Min=(X=890.000 Y=965.000 Z=5.000), Max=(X=1190.000 Y=1025.000 Z=605.000) RuntimeGrid:None EditorOnly:false RuntimeOnly:false HLODRelevant:true ListedInSceneOutliner:true IsMainWorldOnly:false
 |   |   |- Guid:3A00AA1C422CE54C0BDB60BAF471BFBB NativeClass:/Script/Engine.PlayerStart Name:PlayerStart_0 Label:PlayerStart SpatiallyLoaded:false EditorBounds:IsValid=true, Min=(X=772.000 Y=117.000 Z=-5.937), Max=(X=1140.000 Y=373.000 Z=250.063) RuntimeBounds:IsValid=true, Min=(X=860.000 Y=205.000 Z=30.063), Max=(X=940.000 Y=285.000 Z=214.063) RuntimeGrid:None EditorOnly:false RuntimeOnly:false HLODRelevant:false ListedInSceneOutliner:true IsMainWorldOnly:false
 |   |   |- Guid:3C57FBC3449629B0A548AAAAF1BDA361 BaseClass:/Game/Interactables/BP_Deska.BP_Deska_C NativeClass:/Script/Engine.Actor Name:BP_Deska_C_UAID_74563C92194389DC02_1720417927 Label:BP_Deska SpatiallyLoaded:true EditorBounds:IsValid=true, Min=(X=664.000 Y=174.000 Z=14.000), Max=(X=776.000 Y=286.000 Z=126.000) RuntimeBounds:IsValid=true, Min=(X=664.000 Y=174.000 Z=14.000), Max=(X=776.000 Y=286.000 Z=126.000) RuntimeGrid:None EditorOnly:false RuntimeOnly:false HLODRelevant:false ListedInSceneOutliner:true IsMainWorldOnly:false
 |   |   |- Guid:3C7850444A337F3B1D26BB8995F7FA4B BaseClass:/Game/ThirdPerson/Blueprints/g.g_C NativeClass:/Script/Engine.Actor Name:g_C_UAID_C85B768C364651DC02_1918266079 Label:g8 SpatiallyLoaded:true EditorBounds:IsValid=true, Min=(X=1557.000 Y=177.000 Z=-53.000), Max=(X=1653.000 Y=273.000 Z=43.000) RuntimeBounds:IsValid=true, Min=(X=1557.000 Y=177.000 Z=-53.000), Max=(X=1653.000 Y=273.000 Z=43.000) RuntimeGrid:None EditorOnly:false RuntimeOnly:false HLODRelevant:false ListedInSceneOutliner:true IsMainWorldOnly:false
 |   |   |- Guid:40C9EFBD4AA166CA2CB0EE9662DDDF9F NativeClass:/Script/Engine.TargetPoint Name:TargetPoint_UAID_C85B768C364654DC02_2137089631 Label:TargetPoint3 SpatiallyLoaded:true EditorBounds:IsValid=true, Min=(X=1372.000 Y=597.000 Z=-128.000), Max=(X=1628.000 Y=853.000 Z=128.000) RuntimeBounds:IsValid=true, Min=(X=1500.000 Y=725.000 Z=0.000), Max=(X=1500.000 Y=725.000 Z=0.000) RuntimeGrid:None EditorOnly:false RuntimeOnly:false HLODRelevant:false ListedInSceneOutliner:true IsMainWorldOnly:false
 |   |   |- Guid:424242C446AAF119DC9CEF98D75CA2DB BaseClass:/Game/ThirdPerson/Blueprints/g.g_C NativeClass:/Script/Engine.Actor Name:g_C_UAID_C85B768C364651DC02_1878643071 Label:g SpatiallyLoaded:true EditorBounds:IsValid=true, Min=(X=1161.000 Y=171.000 Z=-44.000), Max=(X=1329.000 Y=339.000 Z=124.000) RuntimeBounds:IsValid=true, Min=(X=1161.000 Y=171.000 Z=-44.000), Max=(X=1329.000 Y=339.000 Z=124.000) RuntimeGrid:None EditorOnly:false RuntimeOnly:false HLODRelevant:false ListedInSceneOutliner:true IsMainWorldOnly:false
 |   |   |- Guid:43815E84492231AFC407F59E3C28176B NativeClass:/Script/Engine.StaticMeshActor Name:StaticMeshActor_4 Label:SM_Cube6 SpatiallyLoaded:true EditorBounds:IsValid=true, Min=(X=2900.000 Y=100.000 Z=0.000), Max=(X=3000.000 Y=3400.000 Z=400.000) RuntimeBounds:IsValid=true, Min=(X=2900.000 Y=100.000 Z=0.000), Max=(X=3000.000 Y=3400.000 Z=400.000) RuntimeGrid:None EditorOnly:false RuntimeOnly:false HLODRelevant:true ListedInSceneOutliner:true IsMainWorldOnly:false FolderPath:Playground FolderGuid:C73F09FC4215536B1DCE2A9E0A830C70
 |   |   |- Guid:4D3BE93F4146AAAC8BBE79999D96D57F NativeClass:/Script/Engine.VolumetricCloud Name:VolumetricCloud_0 Label:VolumetricCloud SpatiallyLoaded:false EditorBounds:IsValid=true, Min=(X=0.000 Y=0.000 Z=820.000), Max=(X=0.000 Y=0.000 Z=820.000) RuntimeBounds:IsValid=true, Min=(X=0.000 Y=0.000 Z=820.000), Max=(X=0.000 Y=0.000 Z=820.000) RuntimeGrid:None EditorOnly:false RuntimeOnly:false HLODRelevant:false ListedInSceneOutliner:true IsMainWorldOnly:false FolderPath:Lighting FolderGuid:963EC3EB4002CCE9759E2EBA541A873A
 |   |   |- Guid:4D5C649F43BCC094CBE80A8A1A5B1C58 NativeClass:/Script/Engine.TargetPoint Name:TargetPoint_UAID_C85B768C364655DC02_1094534812 Label:TargetPoint8 SpatiallyLoaded:true EditorBounds:IsValid=true, Min=(X=2642.000 Y=1667.000 Z=-128.000), Max=(X=2898.000 Y=1923.000 Z=128.000) RuntimeBounds:IsValid=true, Min=(X=2770.000 Y=1795.000 Z=0.000), Max=(X=2770.000 Y=1795.000 Z=0.000) RuntimeGrid:None EditorOnly:false RuntimeOnly:false HLODRelevant:false ListedInSceneOutliner:true IsMainWorldOnly:false
 |   |   |- Guid:59128E2548352AF6B3B153B128727B40 NativeClass:/Script/NavigationSystem.NavMeshBoundsVolume Name:NavMeshBoundsVolume_UAID_C85B768C364649DC02_1650367667 Label:NavMeshBoundsVolume2 SpatiallyLoaded:false EditorBounds:IsValid=true, Min=(X=-135.000 Y=-520.000 Z=40.000), Max=(X=3415.000 Y=4180.000 Z=240.000) RuntimeBounds:IsValid=true, Min=(X=-135.000 Y=-520.000 Z=40.000), Max=(X=3415.000 Y=4180.000 Z=240.000) RuntimeGrid:None EditorOnly:false RuntimeOnly:false HLODRelevant:false ListedInSceneOutliner:true IsMainWorldOnly:false
 |   |   |- Guid:6BAF4DDD444C60371492D3919DB42C97 NativeClass:/Script/Engine.WorldDataLayers Name:WorldDataLayers Label:WorldDataLayers SpatiallyLoaded:false EditorBounds:IsValid=true, Min=(X=0.000 Y=0.000 Z=0.000), Max=(X=0.000 Y=0.000 Z=0.000) RuntimeBounds:IsValid=true, Min=(X=0.000 Y=0.000 Z=0.000), Max=(X=0.000 Y=0.000 Z=0.000) RuntimeGrid:None EditorOnly:false RuntimeOnly:false HLODRelevant:false ListedInSceneOutliner:true IsMainWorldOnly:true
 |   |   |- Guid:71AA750D40D9D96967E193BF6D912C11 BaseClass:/Game/ThirdPerson/Blueprints/g.g_C NativeClass:/Script/Engine.Actor Name:g_C_UAID_C85B768C364651DC02_1920340080 Label:g9 SpatiallyLoaded:true EditorBounds:IsValid=true, Min=(X=1867.000 Y=127.000 Z=-53.000), Max=(X=1963.000 Y=223.000 Z=43.000) RuntimeBounds:IsValid=true, Min=(X=1867.000 Y=127.000 Z=-53.000), Max=(X=1963.000 Y=223.000 Z=43.000) RuntimeGrid:None EditorOnly:false RuntimeOnly:false HLODRelevant:false ListedInSceneOutliner:true IsMainWorldOnly:false
 |   |   |- Guid:84D06B4C41E3ED3DF394318A96126662 NativeClass:/Script/Engine.TargetPoint Name:TargetPoint_UAID_C85B768C364655DC02_1080568809 Label:TargetPoint5 SpatiallyLoaded:true EditorBounds:IsValid=true, Min=(X=2397.000 Y=952.000 Z=-128.000), Max=(X=2653.000 Y=1208.000 Z=128.000) RuntimeBounds:IsValid=true, Min=(X=2525.000 Y=1080.000 Z=0.000), Max=(X=2525.000 Y=1080.000 Z=0.000) RuntimeGrid:None EditorOnly:false RuntimeOnly:false HLODRelevant:false ListedInSceneOutliner:true IsMainWorldOnly:false
 |   |   |- Guid:89600BB64E9575050C8556944C3803AB BaseClass:/Game/Interactables/BP_Kartka.BP_Kartka_C NativeClass:/Script/Engine.Actor Name:BP_Kartka_C_UAID_74563C92194386DC02_2140100403 Label:BP_Kartka SpatiallyLoaded:true EditorBounds:IsValid=true, Min=(X=924.000 Y=144.000 Z=9.000), Max=(X=1036.000 Y=256.000 Z=121.000) RuntimeBounds:IsValid=true, Min=(X=924.000 Y=144.000 Z=9.000), Max=(X=1036.000 Y=256.000 Z=121.000) RuntimeGrid:None EditorOnly:false RuntimeOnly:false HLODRelevant:false ListedInSceneOutliner:true IsMainWorldOnly:false
 |   |   |- Guid:9D41CC6F473BB5CFA8386390AA871433 BaseClass:/Game/ThirdPerson/Blueprints/AI.AI_C NativeClass:/Script/Engine.Character Name:AI_C_UAID_C85B768C36464BDC02_1447367020 Label:AI SpatiallyLoaded:true EditorBounds:IsValid=true, Min=(X=-897.888 Y=-810.000 Z=-911.508), Max=(X=1122.112 Y=1210.000 Z=1108.492) RuntimeBounds:IsValid=true, Min=(X=306.543 Y=126.543 Z=-0.149), Max=(X=453.457 Y=273.457 Z=180.332) RuntimeGrid:None EditorOnly:false RuntimeOnly:false HLODRelevant:false ListedInSceneOutliner:true IsMainWorldOnly:false
 |   |   |- Guid:A0EB1B93430CAA463F4D17A2A8176821 NativeClass:/Script/Engine.TargetPoint Name:TargetPoint_UAID_C85B768C364654DC02_2141092632 Label:TargetPoint4 SpatiallyLoaded:true EditorBounds:IsValid=true, Min=(X=1912.000 Y=82.000 Z=-128.000), Max=(X=2168.000 Y=338.000 Z=128.000) RuntimeBounds:IsValid=true, Min=(X=2040.000 Y=210.000 Z=0.000), Max=(X=2040.000 Y=210.000 Z=0.000) RuntimeGrid:None EditorOnly:false RuntimeOnly:false HLODRelevant:false ListedInSceneOutliner:true IsMainWorldOnly:false
 |   |   |- Guid:A45BBF3645632F5B1FD39AADC710E336 BaseClass:/Game/ThirdPerson/Blueprints/g.g_C NativeClass:/Script/Engine.Actor Name:g_C_UAID_C85B768C364651DC02_1909003077 Label:g6 SpatiallyLoaded:true EditorBounds:IsValid=true, Min=(X=2032.000 Y=142.000 Z=-53.000), Max=(X=2128.000 Y=238.000 Z=43.000) RuntimeBounds:IsValid=true, Min=(X=2032.000 Y=142.000 Z=-53.000), Max=(X=2128.000 Y=238.000 Z=43.000) RuntimeGrid:None EditorOnly:false RuntimeOnly:false HLODRelevant:false ListedInSceneOutliner:true IsMainWorldOnly:false
 |   |   |- Guid:A56216954B2165CF0F35A886B537D536 NativeClass:/Script/Engine.StaticMeshActor Name:StaticMeshActor_0 Label:SM_Cube5 SpatiallyLoaded:true EditorBounds:IsValid=true, Min=(X=-0.000 Y=100.000 Z=0.000), Max=(X=100.000 Y=3400.000 Z=400.000) RuntimeBounds:IsValid=true, Min=(X=-0.000 Y=100.000 Z=0.000), Max=(X=100.000 Y=3400.000 Z=400.000) RuntimeGrid:None EditorOnly:false RuntimeOnly:false HLODRelevant:true ListedInSceneOutliner:true IsMainWorldOnly:false FolderPath:Playground FolderGuid:C73F09FC4215536B1DCE2A9E0A830C70
 |   |   |- Guid:B2B7F4F24566675B5FA17697DFE0EF3A NativeClass:/Script/Engine.TargetPoint Name:TargetPoint_UAID_C85B768C364655DC02_1086303810 Label:TargetPoint6 SpatiallyLoaded:true EditorBounds:IsValid=true, Min=(X=2397.000 Y=1842.000 Z=-128.000), Max=(X=2653.000 Y=2098.000 Z=128.000) RuntimeBounds:IsValid=true, Min=(X=2525.000 Y=1970.000 Z=0.000), Max=(X=2525.000 Y=1970.000 Z=0.000) RuntimeGrid:None EditorOnly:false RuntimeOnly:false HLODRelevant:false ListedInSceneOutliner:true IsMainWorldOnly:false
 |   |   |- Guid:B785ED2844B84CFB91E7F39FE661CD99 NativeClass:/Script/Engine.DirectionalLight Name:DirectionalLight_0 Label:DirectionalLight SpatiallyLoaded:false EditorBounds:IsValid=true, Min=(X=-1048576.000 Y=-1048576.000 Z=-1048576.000), Max=(X=1048576.000 Y=1048576.000 Z=1048576.000) RuntimeBounds:IsValid=true, Min=(X=-1048576.000 Y=-1048576.000 Z=-1048576.000), Max=(X=1048576.000 Y=1048576.000 Z=1048576.000) RuntimeGrid:None EditorOnly:false RuntimeOnly:false HLODRelevant:false ListedInSceneOutliner:true IsMainWorldOnly:false FolderPath:Lighting FolderGuid:963EC3EB4002CCE9759E2EBA541A873A
 |   |   |- Guid:BE27AC474DC400286A6D4080701CA7DE NativeClass:/Script/NavigationSystem.RecastNavMesh Name:RecastNavMesh_UAID_C85B768C364649DC02-Default Label:RecastNavMesh-Default SpatiallyLoaded:false EditorBounds:IsValid=true, Min=(X=0.000 Y=0.000 Z=0.000), Max=(X=0.000 Y=0.000 Z=0.000) RuntimeBounds:IsValid=true, Min=(X=0.000 Y=0.000 Z=0.000), Max=(X=0.000 Y=0.000 Z=0.000) RuntimeGrid:None EditorOnly:false RuntimeOnly:false HLODRelevant:false ListedInSceneOutliner:true IsMainWorldOnly:false
 |   |   |- Guid:CBB6049E441C95FDB28AAABB0D1BD26D BaseClass:/Game/Interactables/BP_Zamek.BP_Zamek_C NativeClass:/Script/Engine.Actor Name:BP_Zamek_C_UAID_74563C92194389DC02_1993847928 Label:BP_Zamek SpatiallyLoaded:true EditorBounds:IsValid=true, Min=(X=464.000 Y=174.000 Z=4.000), Max=(X=576.000 Y=286.000 Z=116.000) RuntimeBounds:IsValid=true, Min=(X=464.000 Y=174.000 Z=4.000), Max=(X=576.000 Y=286.000 Z=116.000) RuntimeGrid:None EditorOnly:false RuntimeOnly:false HLODRelevant:false ListedInSceneOutliner:true IsMainWorldOnly:false
 |   |   |- Guid:CCFF262C46EEFFDF319E7F9539CE697E NativeClass:/Script/Engine.SkyAtmosphere Name:SkyAtmosphere_0 Label:SkyAtmosphere SpatiallyLoaded:false EditorBounds:IsValid=true, Min=(X=0.000 Y=0.000 Z=1020.000), Max=(X=0.000 Y=0.000 Z=1020.000) RuntimeBounds:IsValid=true, Min=(X=0.000 Y=0.000 Z=1020.000), Max=(X=0.000 Y=0.000 Z=1020.000) RuntimeGrid:None EditorOnly:false RuntimeOnly:false HLODRelevant:false ListedInSceneOutliner:true IsMainWorldOnly:false FolderPath:Lighting FolderGuid:963EC3EB4002CCE9759E2EBA541A873A
 |   |   |- Guid:CF0C38EC463076C365DAE582412DD72F NativeClass:/Script/NavigationSystem.NavMeshBoundsVolume Name:NavMeshBoundsVolume_UAID_C85B768C364649DC02_1588916666 Label:NavMeshBoundsVolume SpatiallyLoaded:false EditorBounds:IsValid=true, Min=(X=-135.000 Y=-520.000 Z=-140.000), Max=(X=3415.000 Y=4180.000 Z=60.000) RuntimeBounds:IsValid=true, Min=(X=-135.000 Y=-520.000 Z=-140.000), Max=(X=3415.000 Y=4180.000 Z=60.000) RuntimeGrid:None EditorOnly:false RuntimeOnly:false HLODRelevant:false ListedInSceneOutliner:true IsMainWorldOnly:false
 |   |   |- Guid:D0E14FA3456D32E028B01BB354490FDF BaseClass:/Game/ThirdPerson/Blueprints/g.g_C NativeClass:/Script/Engine.Actor Name:g_C_UAID_C85B768C364651DC02_1911699078 Label:g7 SpatiallyLoaded:true EditorBounds:IsValid=true, Min=(X=1722.000 Y=177.000 Z=-53.000), Max=(X=1818.000 Y=273.000 Z=43.000) RuntimeBounds:IsValid=true, Min=(X=1722.000 Y=177.000 Z=-53.000), Max=(X=1818.000 Y=273.000 Z=43.000) RuntimeGrid:None EditorOnly:false RuntimeOnly:false HLODRelevant:false ListedInSceneOutliner:true IsMainWorldOnly:false
 |   |   |- Guid:D54A8F0B4898A263FDD0458D36139001 NativeClass:/Script/Engine.TargetPoint Name:TargetPoint_UAID_C85B768C364654DC02_2089361626 Label:TargetPoint SpatiallyLoaded:true EditorBounds:IsValid=true, Min=(X=957.000 Y=92.000 Z=-128.000), Max=(X=1213.000 Y=348.000 Z=128.000) RuntimeBounds:IsValid=true, Min=(X=1085.000 Y=220.000 Z=0.000), Max=(X=1085.000 Y=220.000 Z=0.000) RuntimeGrid:None EditorOnly:false RuntimeOnly:false HLODRelevant:false ListedInSceneOutliner:true IsMainWorldOnly:false
 |   |   |- Guid:D6A4129943B5EFE229C91F980CB39694 NativeClass:/Script/Engine.TargetPoint Name:TargetPoint_UAID_C85B768C364654DC02_2132628630 Label:TargetPoint2 SpatiallyLoaded:true EditorBounds:IsValid=true, Min=(X=552.000 Y=597.000 Z=-128.000), Max=(X=808.000 Y=853.000 Z=128.000) RuntimeBounds:IsValid=true, Min=(X=680.000 Y=725.000 Z=0.000), Max=(X=680.000 Y=725.000 Z=0.000) RuntimeGrid:None EditorOnly:false RuntimeOnly:false HLODRelevant:false ListedInSceneOutliner:true IsMainWorldOnly:false
 |   |   |- Guid:E1FE3D4D4CC097C322CB9686CC6BFFE2 NativeClass:/Script/Engine.TargetPoint Name:TargetPoint_UAID_C85B768C364655DC02_1088454811 Label:TargetPoint7 SpatiallyLoaded:true EditorBounds:IsValid=true, Min=(X=1972.000 Y=1017.000 Z=-128.000), Max=(X=2228.000 Y=1273.000 Z=128.000) RuntimeBounds:IsValid=true, Min=(X=2100.000 Y=1145.000 Z=0.000), Max=(X=2100.000 Y=1145.000 Z=0.000) RuntimeGrid:None EditorOnly:false RuntimeOnly:false HLODRelevant:false ListedInSceneOutliner:true IsMainWorldOnly:false
 |   |   |- Guid:EC4E0C944CE6AC6E784BC6BB2916EA13 NativeClass:/Script/Engine.StaticMeshActor Name:StaticMeshActor_UAID_A4AE111137DC5EFB00_1110535423 Label:SM_SkySphere SpatiallyLoaded:false EditorBounds:IsValid=true, Min=(X=-1638400.000 Y=-1638400.000 Z=-1638400.000), Max=(X=1638400.000 Y=1638400.000 Z=1638400.000) RuntimeBounds:IsValid=true, Min=(X=-1638400.000 Y=-1638400.000 Z=-1638400.000), Max=(X=1638400.000 Y=1638400.000 Z=1638400.000) RuntimeGrid:None EditorOnly:false RuntimeOnly:false HLODRelevant:true ListedInSceneOutliner:true IsMainWorldOnly:false FolderPath:Lighting FolderGuid:963EC3EB4002CCE9759E2EBA541A873A
 |   |   |- Guid:F1924B8D48954B30891B2DB6A694F9CC NativeClass:/Script/Engine.StaticMeshActor Name:StaticMeshActor_1 Label:dupa SpatiallyLoaded:true EditorBounds:IsValid=true, Min=(X=80.000 Y=0.000 Z=-50.000), Max=(X=3080.000 Y=3500.000 Z=0.000) RuntimeBounds:IsValid=true, Min=(X=80.000 Y=0.000 Z=-50.000), Max=(X=3080.000 Y=3500.000 Z=0.000) RuntimeGrid:None EditorOnly:false RuntimeOnly:false HLODRelevant:true ListedInSceneOutliner:true IsMainWorldOnly:false FolderPath:Playground FolderGuid:C73F09FC4215536B1DCE2A9E0A830C70
 |   |   |- Guid:F5E3FEB3450C49844FD93DA8E083C8AD NativeClass:/Script/Engine.PostProcessVolume Name:PostProcessVolume_0 Label:PostProcessVolume SpatiallyLoaded:false EditorBounds:IsValid=true, Min=(X=0.000 Y=0.000 Z=400.000), Max=(X=200.000 Y=200.000 Z=600.000) RuntimeBounds:IsValid=true, Min=(X=0.000 Y=0.000 Z=400.000), Max=(X=200.000 Y=200.000 Z=600.000) RuntimeGrid:None EditorOnly:false RuntimeOnly:false HLODRelevant:false ListedInSceneOutliner:true IsMainWorldOnly:false FolderPath:Lighting FolderGuid:963EC3EB4002CCE9759E2EBA541A873A
 |   |   |- Guid:FF698C67459ADB4982D7759C0905EE9F NativeClass:/Script/Engine.StaticMeshActor Name:StaticMeshActor_6 Label:SM_Cube3 SpatiallyLoaded:true EditorBounds:IsValid=true, Min=(X=0.000 Y=3400.000 Z=0.000), Max=(X=3000.000 Y=3500.000 Z=400.000) RuntimeBounds:IsValid=true, Min=(X=0.000 Y=3400.000 Z=0.000), Max=(X=3000.000 Y=3500.000 Z=400.000) RuntimeGrid:None EditorOnly:false RuntimeOnly:false HLODRelevant:true ListedInSceneOutliner:true IsMainWorldOnly:false FolderPath:Playground FolderGuid:C73F09FC4215536B1DCE2A9E0A830C70
 |   |- [+] Clusters:
 |   |   |- [+] [  0]
 |   |   |   |- Guid:2FB58999456391D349DC0F86DAC136ED NativeClass:/Script/Engine.SkyLight Name:SkyLight_1 Label:SkyLight SpatiallyLoaded:false EditorBounds:IsValid=true, Min=(X=0.000 Y=0.000 Z=690.000), Max=(X=0.000 Y=0.000 Z=690.000) RuntimeBounds:IsValid=true, Min=(X=0.000 Y=0.000 Z=690.000), Max=(X=0.000 Y=0.000 Z=690.000) RuntimeGrid:None EditorOnly:false RuntimeOnly:false HLODRelevant:false ListedInSceneOutliner:true IsMainWorldOnly:false FolderPath:Lighting FolderGuid:963EC3EB4002CCE9759E2EBA541A873A
 |   |   |- [+] [  1]
 |   |   |   |- Guid:316CF2A6494ACA4C0E4180A87D36AB8F NativeClass:/Script/Engine.ExponentialHeightFog Name:ExponentialHeightFog_0 Label:ExponentialHeightFog SpatiallyLoaded:false EditorBounds:IsValid=true, Min=(X=-5600.000 Y=-50.000 Z=-6850.000), Max=(X=-5600.000 Y=-50.000 Z=-6850.000) RuntimeBounds:IsValid=true, Min=(X=-5600.000 Y=-50.000 Z=-6850.000), Max=(X=-5600.000 Y=-50.000 Z=-6850.000) RuntimeGrid:None EditorOnly:false RuntimeOnly:false HLODRelevant:false ListedInSceneOutliner:true IsMainWorldOnly:false FolderPath:Lighting FolderGuid:963EC3EB4002CCE9759E2EBA541A873A
 |   |   |- [+] [  2]
 |   |   |   |- Guid:3669C34C467195507C89A5AA026DBC00 NativeClass:/Script/Engine.StaticMeshActor Name:StaticMeshActor_UAID_74563C9219408FDC02_1856353983 Label:sciana SpatiallyLoaded:true EditorBounds:IsValid=true, Min=(X=890.000 Y=965.000 Z=5.000), Max=(X=1190.000 Y=1025.000 Z=605.000) RuntimeBounds:IsValid=true, Min=(X=890.000 Y=965.000 Z=5.000), Max=(X=1190.000 Y=1025.000 Z=605.000) RuntimeGrid:None EditorOnly:false RuntimeOnly:false HLODRelevant:true ListedInSceneOutliner:true IsMainWorldOnly:false
 |   |   |- [+] [  3]
 |   |   |   |- Guid:3A00AA1C422CE54C0BDB60BAF471BFBB NativeClass:/Script/Engine.PlayerStart Name:PlayerStart_0 Label:PlayerStart SpatiallyLoaded:false EditorBounds:IsValid=true, Min=(X=772.000 Y=117.000 Z=-5.937), Max=(X=1140.000 Y=373.000 Z=250.063) RuntimeBounds:IsValid=true, Min=(X=860.000 Y=205.000 Z=30.063), Max=(X=940.000 Y=285.000 Z=214.063) RuntimeGrid:None EditorOnly:false RuntimeOnly:false HLODRelevant:false ListedInSceneOutliner:true IsMainWorldOnly:false
 |   |   |- [+] [  4]
 |   |   |   |- Guid:3C57FBC3449629B0A548AAAAF1BDA361 BaseClass:/Game/Interactables/BP_Deska.BP_Deska_C NativeClass:/Script/Engine.Actor Name:BP_Deska_C_UAID_74563C92194389DC02_1720417927 Label:BP_Deska SpatiallyLoaded:true EditorBounds:IsValid=true, Min=(X=664.000 Y=174.000 Z=14.000), Max=(X=776.000 Y=286.000 Z=126.000) RuntimeBounds:IsValid=true, Min=(X=664.000 Y=174.000 Z=14.000), Max=(X=776.000 Y=286.000 Z=126.000) RuntimeGrid:None EditorOnly:false RuntimeOnly:false HLODRelevant:false ListedInSceneOutliner:true IsMainWorldOnly:false
 |   |   |- [+] [  5]
 |   |   |   |- Guid:3C7850444A337F3B1D26BB8995F7FA4B BaseClass:/Game/ThirdPerson/Blueprints/g.g_C NativeClass:/Script/Engine.Actor Name:g_C_UAID_C85B768C364651DC02_1918266079 Label:g8 SpatiallyLoaded:true EditorBounds:IsValid=true, Min=(X=1557.000 Y=177.000 Z=-53.000), Max=(X=1653.000 Y=273.000 Z=43.000) RuntimeBounds:IsValid=true, Min=(X=1557.000 Y=177.000 Z=-53.000), Max=(X=1653.000 Y=273.000 Z=43.000) RuntimeGrid:None EditorOnly:false RuntimeOnly:false HLODRelevant:false ListedInSceneOutliner:true IsMainWorldOnly:false
 |   |   |- [+] [  6]
 |   |   |   |- Guid:40C9EFBD4AA166CA2CB0EE9662DDDF9F NativeClass:/Script/Engine.TargetPoint Name:TargetPoint_UAID_C85B768C364654DC02_2137089631 Label:TargetPoint3 SpatiallyLoaded:true EditorBounds:IsValid=true, Min=(X=1372.000 Y=597.000 Z=-128.000), Max=(X=1628.000 Y=853.000 Z=128.000) RuntimeBounds:IsValid=true, Min=(X=1500.000 Y=725.000 Z=0.000), Max=(X=1500.000 Y=725.000 Z=0.000) RuntimeGrid:None EditorOnly:false RuntimeOnly:false HLODRelevant:false ListedInSceneOutliner:true IsMainWorldOnly:false
 |   |   |- [+] [  7]
 |   |   |   |- Guid:424242C446AAF119DC9CEF98D75CA2DB BaseClass:/Game/ThirdPerson/Blueprints/g.g_C NativeClass:/Script/Engine.Actor Name:g_C_UAID_C85B768C364651DC02_1878643071 Label:g SpatiallyLoaded:true EditorBounds:IsValid=true, Min=(X=1161.000 Y=171.000 Z=-44.000), Max=(X=1329.000 Y=339.000 Z=124.000) RuntimeBounds:IsValid=true, Min=(X=1161.000 Y=171.000 Z=-44.000), Max=(X=1329.000 Y=339.000 Z=124.000) RuntimeGrid:None EditorOnly:false RuntimeOnly:false HLODRelevant:false ListedInSceneOutliner:true IsMainWorldOnly:false
 |   |   |- [+] [  8]
 |   |   |   |- Guid:43815E84492231AFC407F59E3C28176B NativeClass:/Script/Engine.StaticMeshActor Name:StaticMeshActor_4 Label:SM_Cube6 SpatiallyLoaded:true EditorBounds:IsValid=true, Min=(X=2900.000 Y=100.000 Z=0.000), Max=(X=3000.000 Y=3400.000 Z=400.000) RuntimeBounds:IsValid=true, Min=(X=2900.000 Y=100.000 Z=0.000), Max=(X=3000.000 Y=3400.000 Z=400.000) RuntimeGrid:None EditorOnly:false RuntimeOnly:false HLODRelevant:true ListedInSceneOutliner:true IsMainWorldOnly:false FolderPath:Playground FolderGuid:C73F09FC4215536B1DCE2A9E0A830C70
 |   |   |- [+] [  9]
 |   |   |   |- Guid:4D3BE93F4146AAAC8BBE79999D96D57F NativeClass:/Script/Engine.VolumetricCloud Name:VolumetricCloud_0 Label:VolumetricCloud SpatiallyLoaded:false EditorBounds:IsValid=true, Min=(X=0.000 Y=0.000 Z=820.000), Max=(X=0.000 Y=0.000 Z=820.000) RuntimeBounds:IsValid=true, Min=(X=0.000 Y=0.000 Z=820.000), Max=(X=0.000 Y=0.000 Z=820.000) RuntimeGrid:None EditorOnly:false RuntimeOnly:false HLODRelevant:false ListedInSceneOutliner:true IsMainWorldOnly:false FolderPath:Lighting FolderGuid:963EC3EB4002CCE9759E2EBA541A873A
 |   |   |- [+] [ 10]
 |   |   |   |- Guid:4D5C649F43BCC094CBE80A8A1A5B1C58 NativeClass:/Script/Engine.TargetPoint Name:TargetPoint_UAID_C85B768C364655DC02_1094534812 Label:TargetPoint8 SpatiallyLoaded:true EditorBounds:IsValid=true, Min=(X=2642.000 Y=1667.000 Z=-128.000), Max=(X=2898.000 Y=1923.000 Z=128.000) RuntimeBounds:IsValid=true, Min=(X=2770.000 Y=1795.000 Z=0.000), Max=(X=2770.000 Y=1795.000 Z=0.000) RuntimeGrid:None EditorOnly:false RuntimeOnly:false HLODRelevant:false ListedInSceneOutliner:true IsMainWorldOnly:false
 |   |   |- [+] [ 11]
 |   |   |   |- Guid:59128E2548352AF6B3B153B128727B40 NativeClass:/Script/NavigationSystem.NavMeshBoundsVolume Name:NavMeshBoundsVolume_UAID_C85B768C364649DC02_1650367667 Label:NavMeshBoundsVolume2 SpatiallyLoaded:false EditorBounds:IsValid=true, Min=(X=-135.000 Y=-520.000 Z=40.000), Max=(X=3415.000 Y=4180.000 Z=240.000) RuntimeBounds:IsValid=true, Min=(X=-135.000 Y=-520.000 Z=40.000), Max=(X=3415.000 Y=4180.000 Z=240.000) RuntimeGrid:None EditorOnly:false RuntimeOnly:false HLODRelevant:false ListedInSceneOutliner:true IsMainWorldOnly:false
 |   |   |- [+] [ 12]
 |   |   |   |- Guid:6BAF4DDD444C60371492D3919DB42C97 NativeClass:/Script/Engine.WorldDataLayers Name:WorldDataLayers Label:WorldDataLayers SpatiallyLoaded:false EditorBounds:IsValid=true, Min=(X=0.000 Y=0.000 Z=0.000), Max=(X=0.000 Y=0.000 Z=0.000) RuntimeBounds:IsValid=true, Min=(X=0.000 Y=0.000 Z=0.000), Max=(X=0.000 Y=0.000 Z=0.000) RuntimeGrid:None EditorOnly:false RuntimeOnly:false HLODRelevant:false ListedInSceneOutliner:true IsMainWorldOnly:true
 |   |   |- [+] [ 13]
 |   |   |   |- Guid:71AA750D40D9D96967E193BF6D912C11 BaseClass:/Game/ThirdPerson/Blueprints/g.g_C NativeClass:/Script/Engine.Actor Name:g_C_UAID_C85B768C364651DC02_1920340080 Label:g9 SpatiallyLoaded:true EditorBounds:IsValid=true, Min=(X=1867.000 Y=127.000 Z=-53.000), Max=(X=1963.000 Y=223.000 Z=43.000) RuntimeBounds:IsValid=true, Min=(X=1867.000 Y=127.000 Z=-53.000), Max=(X=1963.000 Y=223.000 Z=43.000) RuntimeGrid:None EditorOnly:false RuntimeOnly:false HLODRelevant:false ListedInSceneOutliner:true IsMainWorldOnly:false
 |   |   |- [+] [ 14]
 |   |   |   |- Guid:84D06B4C41E3ED3DF394318A96126662 NativeClass:/Script/Engine.TargetPoint Name:TargetPoint_UAID_C85B768C364655DC02_1080568809 Label:TargetPoint5 SpatiallyLoaded:true EditorBounds:IsValid=true, Min=(X=2397.000 Y=952.000 Z=-128.000), Max=(X=2653.000 Y=1208.000 Z=128.000) RuntimeBounds:IsValid=true, Min=(X=2525.000 Y=1080.000 Z=0.000), Max=(X=2525.000 Y=1080.000 Z=0.000) RuntimeGrid:None EditorOnly:false RuntimeOnly:false HLODRelevant:false ListedInSceneOutliner:true IsMainWorldOnly:false
 |   |   |- [+] [ 15]
 |   |   |   |- Guid:89600BB64E9575050C8556944C3803AB BaseClass:/Game/Interactables/BP_Kartka.BP_Kartka_C NativeClass:/Script/Engine.Actor Name:BP_Kartka_C_UAID_74563C92194386DC02_2140100403 Label:BP_Kartka SpatiallyLoaded:true EditorBounds:IsValid=true, Min=(X=924.000 Y=144.000 Z=9.000), Max=(X=1036.000 Y=256.000 Z=121.000) RuntimeBounds:IsValid=true, Min=(X=924.000 Y=144.000 Z=9.000), Max=(X=1036.000 Y=256.000 Z=121.000) RuntimeGrid:None EditorOnly:false RuntimeOnly:false HLODRelevant:false ListedInSceneOutliner:true IsMainWorldOnly:false
 |   |   |- [+] [ 16]
 |   |   |   |- Guid:9D41CC6F473BB5CFA8386390AA871433 BaseClass:/Game/ThirdPerson/Blueprints/AI.AI_C NativeClass:/Script/Engine.Character Name:AI_C_UAID_C85B768C36464BDC02_1447367020 Label:AI SpatiallyLoaded:true EditorBounds:IsValid=true, Min=(X=-897.888 Y=-810.000 Z=-911.508), Max=(X=1122.112 Y=1210.000 Z=1108.492) RuntimeBounds:IsValid=true, Min=(X=306.543 Y=126.543 Z=-0.149), Max=(X=453.457 Y=273.457 Z=180.332) RuntimeGrid:None EditorOnly:false RuntimeOnly:false HLODRelevant:false ListedInSceneOutliner:true IsMainWorldOnly:false
 |   |   |- [+] [ 17]
 |   |   |   |- Guid:A0EB1B93430CAA463F4D17A2A8176821 NativeClass:/Script/Engine.TargetPoint Name:TargetPoint_UAID_C85B768C364654DC02_2141092632 Label:TargetPoint4 SpatiallyLoaded:true EditorBounds:IsValid=true, Min=(X=1912.000 Y=82.000 Z=-128.000), Max=(X=2168.000 Y=338.000 Z=128.000) RuntimeBounds:IsValid=true, Min=(X=2040.000 Y=210.000 Z=0.000), Max=(X=2040.000 Y=210.000 Z=0.000) RuntimeGrid:None EditorOnly:false RuntimeOnly:false HLODRelevant:false ListedInSceneOutliner:true IsMainWorldOnly:false
 |   |   |- [+] [ 18]
 |   |   |   |- Guid:A45BBF3645632F5B1FD39AADC710E336 BaseClass:/Game/ThirdPerson/Blueprints/g.g_C NativeClass:/Script/Engine.Actor Name:g_C_UAID_C85B768C364651DC02_1909003077 Label:g6 SpatiallyLoaded:true EditorBounds:IsValid=true, Min=(X=2032.000 Y=142.000 Z=-53.000), Max=(X=2128.000 Y=238.000 Z=43.000) RuntimeBounds:IsValid=true, Min=(X=2032.000 Y=142.000 Z=-53.000), Max=(X=2128.000 Y=238.000 Z=43.000) RuntimeGrid:None EditorOnly:false RuntimeOnly:false HLODRelevant:false ListedInSceneOutliner:true IsMainWorldOnly:false
 |   |   |- [+] [ 19]
 |   |   |   |- Guid:A56216954B2165CF0F35A886B537D536 NativeClass:/Script/Engine.StaticMeshActor Name:StaticMeshActor_0 Label:SM_Cube5 SpatiallyLoaded:true EditorBounds:IsValid=true, Min=(X=-0.000 Y=100.000 Z=0.000), Max=(X=100.000 Y=3400.000 Z=400.000) RuntimeBounds:IsValid=true, Min=(X=-0.000 Y=100.000 Z=0.000), Max=(X=100.000 Y=3400.000 Z=400.000) RuntimeGrid:None EditorOnly:false RuntimeOnly:false HLODRelevant:true ListedInSceneOutliner:true IsMainWorldOnly:false FolderPath:Playground FolderGuid:C73F09FC4215536B1DCE2A9E0A830C70
 |   |   |- [+] [ 20]
 |   |   |   |- Guid:B2B7F4F24566675B5FA17697DFE0EF3A NativeClass:/Script/Engine.TargetPoint Name:TargetPoint_UAID_C85B768C364655DC02_1086303810 Label:TargetPoint6 SpatiallyLoaded:true EditorBounds:IsValid=true, Min=(X=2397.000 Y=1842.000 Z=-128.000), Max=(X=2653.000 Y=2098.000 Z=128.000) RuntimeBounds:IsValid=true, Min=(X=2525.000 Y=1970.000 Z=0.000), Max=(X=2525.000 Y=1970.000 Z=0.000) RuntimeGrid:None EditorOnly:false RuntimeOnly:false HLODRelevant:false ListedInSceneOutliner:true IsMainWorldOnly:false
 |   |   |- [+] [ 21]
 |   |   |   |- Guid:B785ED2844B84CFB91E7F39FE661CD99 NativeClass:/Script/Engine.DirectionalLight Name:DirectionalLight_0 Label:DirectionalLight SpatiallyLoaded:false EditorBounds:IsValid=true, Min=(X=-1048576.000 Y=-1048576.000 Z=-1048576.000), Max=(X=1048576.000 Y=1048576.000 Z=1048576.000) RuntimeBounds:IsValid=true, Min=(X=-1048576.000 Y=-1048576.000 Z=-1048576.000), Max=(X=1048576.000 Y=1048576.000 Z=1048576.000) RuntimeGrid:None EditorOnly:false RuntimeOnly:false HLODRelevant:false ListedInSceneOutliner:true IsMainWorldOnly:false FolderPath:Lighting FolderGuid:963EC3EB4002CCE9759E2EBA541A873A
 |   |   |- [+] [ 22]
 |   |   |   |- Guid:BE27AC474DC400286A6D4080701CA7DE NativeClass:/Script/NavigationSystem.RecastNavMesh Name:RecastNavMesh_UAID_C85B768C364649DC02-Default Label:RecastNavMesh-Default SpatiallyLoaded:false EditorBounds:IsValid=true, Min=(X=0.000 Y=0.000 Z=0.000), Max=(X=0.000 Y=0.000 Z=0.000) RuntimeBounds:IsValid=true, Min=(X=0.000 Y=0.000 Z=0.000), Max=(X=0.000 Y=0.000 Z=0.000) RuntimeGrid:None EditorOnly:false RuntimeOnly:false HLODRelevant:false ListedInSceneOutliner:true IsMainWorldOnly:false
 |   |   |- [+] [ 23]
 |   |   |   |- Guid:CBB6049E441C95FDB28AAABB0D1BD26D BaseClass:/Game/Interactables/BP_Zamek.BP_Zamek_C NativeClass:/Script/Engine.Actor Name:BP_Zamek_C_UAID_74563C92194389DC02_1993847928 Label:BP_Zamek SpatiallyLoaded:true EditorBounds:IsValid=true, Min=(X=464.000 Y=174.000 Z=4.000), Max=(X=576.000 Y=286.000 Z=116.000) RuntimeBounds:IsValid=true, Min=(X=464.000 Y=174.000 Z=4.000), Max=(X=576.000 Y=286.000 Z=116.000) RuntimeGrid:None EditorOnly:false RuntimeOnly:false HLODRelevant:false ListedInSceneOutliner:true IsMainWorldOnly:false
 |   |   |- [+] [ 24]
 |   |   |   |- Guid:CCFF262C46EEFFDF319E7F9539CE697E NativeClass:/Script/Engine.SkyAtmosphere Name:SkyAtmosphere_0 Label:SkyAtmosphere SpatiallyLoaded:false EditorBounds:IsValid=true, Min=(X=0.000 Y=0.000 Z=1020.000), Max=(X=0.000 Y=0.000 Z=1020.000) RuntimeBounds:IsValid=true, Min=(X=0.000 Y=0.000 Z=1020.000), Max=(X=0.000 Y=0.000 Z=1020.000) RuntimeGrid:None EditorOnly:false RuntimeOnly:false HLODRelevant:false ListedInSceneOutliner:true IsMainWorldOnly:false FolderPath:Lighting FolderGuid:963EC3EB4002CCE9759E2EBA541A873A
 |   |   |- [+] [ 25]
 |   |   |   |- Guid:CF0C38EC463076C365DAE582412DD72F NativeClass:/Script/NavigationSystem.NavMeshBoundsVolume Name:NavMeshBoundsVolume_UAID_C85B768C364649DC02_1588916666 Label:NavMeshBoundsVolume SpatiallyLoaded:false EditorBounds:IsValid=true, Min=(X=-135.000 Y=-520.000 Z=-140.000), Max=(X=3415.000 Y=4180.000 Z=60.000) RuntimeBounds:IsValid=true, Min=(X=-135.000 Y=-520.000 Z=-140.000), Max=(X=3415.000 Y=4180.000 Z=60.000) RuntimeGrid:None EditorOnly:false RuntimeOnly:false HLODRelevant:false ListedInSceneOutliner:true IsMainWorldOnly:false
 |   |   |- [+] [ 26]
 |   |   |   |- Guid:D0E14FA3456D32E028B01BB354490FDF BaseClass:/Game/ThirdPerson/Blueprints/g.g_C NativeClass:/Script/Engine.Actor Name:g_C_UAID_C85B768C364651DC02_1911699078 Label:g7 SpatiallyLoaded:true EditorBounds:IsValid=true, Min=(X=1722.000 Y=177.000 Z=-53.000), Max=(X=1818.000 Y=273.000 Z=43.000) RuntimeBounds:IsValid=true, Min=(X=1722.000 Y=177.000 Z=-53.000), Max=(X=1818.000 Y=273.000 Z=43.000) RuntimeGrid:None EditorOnly:false RuntimeOnly:false HLODRelevant:false ListedInSceneOutliner:true IsMainWorldOnly:false
 |   |   |- [+] [ 27]
 |   |   |   |- Guid:D54A8F0B4898A263FDD0458D36139001 NativeClass:/Script/Engine.TargetPoint Name:TargetPoint_UAID_C85B768C364654DC02_2089361626 Label:TargetPoint SpatiallyLoaded:true EditorBounds:IsValid=true, Min=(X=957.000 Y=92.000 Z=-128.000), Max=(X=1213.000 Y=348.000 Z=128.000) RuntimeBounds:IsValid=true, Min=(X=1085.000 Y=220.000 Z=0.000), Max=(X=1085.000 Y=220.000 Z=0.000) RuntimeGrid:None EditorOnly:false RuntimeOnly:false HLODRelevant:false ListedInSceneOutliner:true IsMainWorldOnly:false
 |   |   |- [+] [ 28]
 |   |   |   |- Guid:D6A4129943B5EFE229C91F980CB39694 NativeClass:/Script/Engine.TargetPoint Name:TargetPoint_UAID_C85B768C364654DC02_2132628630 Label:TargetPoint2 SpatiallyLoaded:true EditorBounds:IsValid=true, Min=(X=552.000 Y=597.000 Z=-128.000), Max=(X=808.000 Y=853.000 Z=128.000) RuntimeBounds:IsValid=true, Min=(X=680.000 Y=725.000 Z=0.000), Max=(X=680.000 Y=725.000 Z=0.000) RuntimeGrid:None EditorOnly:false RuntimeOnly:false HLODRelevant:false ListedInSceneOutliner:true IsMainWorldOnly:false
 |   |   |- [+] [ 29]
 |   |   |   |- Guid:E1FE3D4D4CC097C322CB9686CC6BFFE2 NativeClass:/Script/Engine.TargetPoint Name:TargetPoint_UAID_C85B768C364655DC02_1088454811 Label:TargetPoint7 SpatiallyLoaded:true EditorBounds:IsValid=true, Min=(X=1972.000 Y=1017.000 Z=-128.000), Max=(X=2228.000 Y=1273.000 Z=128.000) RuntimeBounds:IsValid=true, Min=(X=2100.000 Y=1145.000 Z=0.000), Max=(X=2100.000 Y=1145.000 Z=0.000) RuntimeGrid:None EditorOnly:false RuntimeOnly:false HLODRelevant:false ListedInSceneOutliner:true IsMainWorldOnly:false
 |   |   |- [+] [ 30]
 |   |   |   |- Guid:EC4E0C944CE6AC6E784BC6BB2916EA13 NativeClass:/Script/Engine.StaticMeshActor Name:StaticMeshActor_UAID_A4AE111137DC5EFB00_1110535423 Label:SM_SkySphere SpatiallyLoaded:false EditorBounds:IsValid=true, Min=(X=-1638400.000 Y=-1638400.000 Z=-1638400.000), Max=(X=1638400.000 Y=1638400.000 Z=1638400.000) RuntimeBounds:IsValid=true, Min=(X=-1638400.000 Y=-1638400.000 Z=-1638400.000), Max=(X=1638400.000 Y=1638400.000 Z=1638400.000) RuntimeGrid:None EditorOnly:false RuntimeOnly:false HLODRelevant:true ListedInSceneOutliner:true IsMainWorldOnly:false FolderPath:Lighting FolderGuid:963EC3EB4002CCE9759E2EBA541A873A
 |   |   |- [+] [ 31]
 |   |   |   |- Guid:F1924B8D48954B30891B2DB6A694F9CC NativeClass:/Script/Engine.StaticMeshActor Name:StaticMeshActor_1 Label:dupa SpatiallyLoaded:true EditorBounds:IsValid=true, Min=(X=80.000 Y=0.000 Z=-50.000), Max=(X=3080.000 Y=3500.000 Z=0.000) RuntimeBounds:IsValid=true, Min=(X=80.000 Y=0.000 Z=-50.000), Max=(X=3080.000 Y=3500.000 Z=0.000) RuntimeGrid:None EditorOnly:false RuntimeOnly:false HLODRelevant:true ListedInSceneOutliner:true IsMainWorldOnly:false FolderPath:Playground FolderGuid:C73F09FC4215536B1DCE2A9E0A830C70
 |   |   |- [+] [ 32]
 |   |   |   |- Guid:F5E3FEB3450C49844FD93DA8E083C8AD NativeClass:/Script/Engine.PostProcessVolume Name:PostProcessVolume_0 Label:PostProcessVolume SpatiallyLoaded:false EditorBounds:IsValid=true, Min=(X=0.000 Y=0.000 Z=400.000), Max=(X=200.000 Y=200.000 Z=600.000) RuntimeBounds:IsValid=true, Min=(X=0.000 Y=0.000 Z=400.000), Max=(X=200.000 Y=200.000 Z=600.000) RuntimeGrid:None EditorOnly:false RuntimeOnly:false HLODRelevant:false ListedInSceneOutliner:true IsMainWorldOnly:false FolderPath:Lighting FolderGuid:963EC3EB4002CCE9759E2EBA541A873A
 |   |   |- [+] [ 33]
 |   |   |   |- Guid:FF698C67459ADB4982D7759C0905EE9F NativeClass:/Script/Engine.StaticMeshActor Name:StaticMeshActor_6 Label:SM_Cube3 SpatiallyLoaded:true EditorBounds:IsValid=true, Min=(X=0.000 Y=3400.000 Z=0.000), Max=(X=3000.000 Y=3500.000 Z=400.000) RuntimeBounds:IsValid=true, Min=(X=0.000 Y=3400.000 Z=0.000), Max=(X=3000.000 Y=3500.000 Z=400.000) RuntimeGrid:None EditorOnly:false RuntimeOnly:false HLODRelevant:true ListedInSceneOutliner:true IsMainWorldOnly:false FolderPath:Playground FolderGuid:C73F09FC4215536B1DCE2A9E0A830C70
 |- ContainerInstances:
 |- [+] MainContainer:
 |   |-        ID: 00000000000000000000000000000000
 |   |-  ParentID: 00000000000000000000000000000000
 |   |-    Bounds: IsValid=false, Min=(X=0.000 Y=0.000 Z=0.000), Max=(X=0.000 Y=0.000 Z=0.000)
 |   |- Transform: 0.000000,0.000000,0.000000|0.000000,0.000000,-0.000000|1.000000,1.000000,1.000000
 |   |- Container: /Game/ThirdPerson/Maps/ThirdPersonMap
----------------------------------------------------------------------------------------------------------------
ThirdPersonMap - Persistent Level
----------------------------------------------------------------------------------------------------------------
[+] Content of ThirdPersonMap Persistent Level
 |- Always loaded Actor Count: 34 
 |- Actor Path: /Game/ThirdPerson/Maps/ThirdPersonMap.ThirdPersonMap:PersistentLevel.AI_C_UAID_C85B768C36464BDC02_1447367020
 |- Actor Package: /Game/__ExternalActors__/ThirdPerson/Maps/ThirdPersonMap/7/9O/J6P9F381NMU1691HKJLV5W
 |- Actor Path: /Game/ThirdPerson/Maps/ThirdPersonMap.ThirdPersonMap:PersistentLevel.BP_Deska_C_UAID_74563C92194389DC02_1720417927
 |- Actor Package: /Game/__ExternalActors__/ThirdPerson/Maps/ThirdPersonMap/A/NU/XJR5OSDA1PMLXXDBHL4T0Q
 |- Actor Path: /Game/ThirdPerson/Maps/ThirdPersonMap.ThirdPersonMap:PersistentLevel.BP_Kartka_C_UAID_74563C92194386DC02_2140100403
 |- Actor Package: /Game/__ExternalActors__/ThirdPerson/Maps/ThirdPersonMap/B/B4/XOQVBADUH2M7CDJAPZG4MM
 |- Actor Path: /Game/ThirdPerson/Maps/ThirdPersonMap.ThirdPersonMap:PersistentLevel.BP_Zamek_C_UAID_74563C92194389DC02_1993847928
 |- Actor Package: /Game/__ExternalActors__/ThirdPerson/Maps/ThirdPersonMap/0/Q8/9UZ34MXI8FXTA08EANHQ5X
 |- Actor Path: /Game/ThirdPerson/Maps/ThirdPersonMap.ThirdPersonMap:PersistentLevel.DirectionalLight_0
 |- Actor Package: /Game/__ExternalActors__/ThirdPerson/Maps/ThirdPersonMap/5/R1/TS5OQ5CRUWFZYL1ZQ7I416
 |- Actor Path: /Game/ThirdPerson/Maps/ThirdPersonMap.ThirdPersonMap:PersistentLevel.ExponentialHeightFog_0
 |- Actor Package: /Game/__ExternalActors__/ThirdPerson/Maps/ThirdPersonMap/6/J7/N10XDC9G27EMLS5AGZ6AVV
 |- Actor Path: /Game/ThirdPerson/Maps/ThirdPersonMap.ThirdPersonMap:PersistentLevel.g_C_UAID_C85B768C364651DC02_1878643071
 |- Actor Package: /Game/__ExternalActors__/ThirdPerson/Maps/ThirdPersonMap/7/AA/0UUCK8LWGCPF94IUOYXF8R
 |- Actor Path: /Game/ThirdPerson/Maps/ThirdPersonMap.ThirdPersonMap:PersistentLevel.g_C_UAID_C85B768C364651DC02_1909003077
 |- Actor Package: /Game/__ExternalActors__/ThirdPerson/Maps/ThirdPersonMap/C/PP/MRNX7TM1M6KIDUCV0PZC3H
 |- Actor Path: /Game/ThirdPerson/Maps/ThirdPersonMap.ThirdPersonMap:PersistentLevel.g_C_UAID_C85B768C364651DC02_1911699078
 |- Actor Package: /Game/__ExternalActors__/ThirdPerson/Maps/ThirdPersonMap/9/JD/MBF6XA4Z6BIEC6WQCJU1V6
 |- Actor Path: /Game/ThirdPerson/Maps/ThirdPersonMap.ThirdPersonMap:PersistentLevel.g_C_UAID_C85B768C364651DC02_1918266079
 |- Actor Package: /Game/__ExternalActors__/ThirdPerson/Maps/ThirdPersonMap/1/XI/UNPTV3WX1MS0OQG0BXAWOS
 |- Actor Path: /Game/ThirdPerson/Maps/ThirdPersonMap.ThirdPersonMap:PersistentLevel.g_C_UAID_C85B768C364651DC02_1920340080
 |- Actor Package: /Game/__ExternalActors__/ThirdPerson/Maps/ThirdPersonMap/E/66/HHSSO8G0ULO3E31I035C41
 |- Actor Path: /Game/ThirdPerson/Maps/ThirdPersonMap.ThirdPersonMap:PersistentLevel.NavMeshBoundsVolume_UAID_C85B768C364649DC02_1588916666
 |- Actor Package: /Game/__ExternalActors__/ThirdPerson/Maps/ThirdPersonMap/5/J5/BA7RUGG1T02D3A9TXPVEW2
 |- Actor Path: /Game/ThirdPerson/Maps/ThirdPersonMap.ThirdPersonMap:PersistentLevel.NavMeshBoundsVolume_UAID_C85B768C364649DC02_1650367667
 |- Actor Package: /Game/__ExternalActors__/ThirdPerson/Maps/ThirdPersonMap/0/XE/GYD3Z85X7FACAZBDO1U5YR
 |- Actor Path: /Game/ThirdPerson/Maps/ThirdPersonMap.ThirdPersonMap:PersistentLevel.PlayerStart_0
 |- Actor Package: /Game/__ExternalActors__/ThirdPerson/Maps/ThirdPersonMap/D/DE/SWSI13675DVYIZ0N4NF7Y3
 |- Actor Path: /Game/ThirdPerson/Maps/ThirdPersonMap.ThirdPersonMap:PersistentLevel.PostProcessVolume_0
 |- Actor Package: /Game/__ExternalActors__/ThirdPerson/Maps/ThirdPersonMap/1/AZ/A7GPT109Y6ZTTJD4A7TXER
 |- Actor Path: /Game/ThirdPerson/Maps/ThirdPersonMap.ThirdPersonMap:PersistentLevel.RecastNavMesh_UAID_C85B768C364649DC02-Default
 |- Actor Package: /Game/__ExternalActors__/ThirdPerson/Maps/ThirdPersonMap/B/ET/LNOD5P1FJNF5Z94LUWZCDX
 |- Actor Path: /Game/ThirdPerson/Maps/ThirdPersonMap.ThirdPersonMap:PersistentLevel.SkyAtmosphere_0
 |- Actor Package: /Game/__ExternalActors__/ThirdPerson/Maps/ThirdPersonMap/4/LN/30UBDLYFFA5ZR7U4W4L4GG
 |- Actor Path: /Game/ThirdPerson/Maps/ThirdPersonMap.ThirdPersonMap:PersistentLevel.SkyLight_1
 |- Actor Package: /Game/__ExternalActors__/ThirdPerson/Maps/ThirdPersonMap/8/S1/DXUWD12MD3HRWVVXX076BY
 |- Actor Path: /Game/ThirdPerson/Maps/ThirdPersonMap.ThirdPersonMap:PersistentLevel.StaticMeshActor_0
 |- Actor Package: /Game/__ExternalActors__/ThirdPerson/Maps/ThirdPersonMap/A/MS/MRHJREJ6H7USQYWF1KO8F6
 |- Actor Path: /Game/ThirdPerson/Maps/ThirdPersonMap.ThirdPersonMap:PersistentLevel.StaticMeshActor_1
 |- Actor Package: /Game/__ExternalActors__/ThirdPerson/Maps/ThirdPersonMap/6/YO/NG2R9BPZVA7ZDN0Z4VSTG6
 |- Actor Path: /Game/ThirdPerson/Maps/ThirdPersonMap.ThirdPersonMap:PersistentLevel.StaticMeshActor_4
 |- Actor Package: /Game/__ExternalActors__/ThirdPerson/Maps/ThirdPersonMap/5/9Q/U98KGKQ41NJYFOGFQM8ZDY
 |- Actor Path: /Game/ThirdPerson/Maps/ThirdPersonMap.ThirdPersonMap:PersistentLevel.StaticMeshActor_6
 |- Actor Package: /Game/__ExternalActors__/ThirdPerson/Maps/ThirdPersonMap/D/0G/JNKFA4X9LRMSF343ESPF6Q
 |- Actor Path: /Game/ThirdPerson/Maps/ThirdPersonMap.ThirdPersonMap:PersistentLevel.StaticMeshActor_UAID_74563C9219408FDC02_1856353983
 |- Actor Package: /Game/__ExternalActors__/ThirdPerson/Maps/ThirdPersonMap/6/UN/4FBIITXJDUSMDIJ9KSX73T
 |- Actor Path: /Game/ThirdPerson/Maps/ThirdPersonMap.ThirdPersonMap:PersistentLevel.StaticMeshActor_UAID_A4AE111137DC5EFB00_1110535423
 |- Actor Package: /Game/__ExternalActors__/ThirdPerson/Maps/ThirdPersonMap/4/PN/2QISIGK5DJNQ05US8O8FXW
 |- Actor Path: /Game/ThirdPerson/Maps/ThirdPersonMap.ThirdPersonMap:PersistentLevel.TargetPoint_UAID_C85B768C364654DC02_2089361626
 |- Actor Package: /Game/__ExternalActors__/ThirdPerson/Maps/ThirdPersonMap/D/73/1G8JV4MMZK2G3ZB5SNWBU2
 |- Actor Path: /Game/ThirdPerson/Maps/ThirdPersonMap.ThirdPersonMap:PersistentLevel.TargetPoint_UAID_C85B768C364654DC02_2132628630
 |- Actor Package: /Game/__ExternalActors__/ThirdPerson/Maps/ThirdPersonMap/C/GL/04D9PZS8EAJ3C7DG31BTR1
 |- Actor Path: /Game/ThirdPerson/Maps/ThirdPersonMap.ThirdPersonMap:PersistentLevel.TargetPoint_UAID_C85B768C364654DC02_2137089631
 |- Actor Package: /Game/__ExternalActors__/ThirdPerson/Maps/ThirdPersonMap/C/R0/SFDS1G3IPA1GXE5TU9FDNN
 |- Actor Path: /Game/ThirdPerson/Maps/ThirdPersonMap.ThirdPersonMap:PersistentLevel.TargetPoint_UAID_C85B768C364654DC02_2141092632
 |- Actor Package: /Game/__ExternalActors__/ThirdPerson/Maps/ThirdPersonMap/8/14/3SFIQRNTVUFBWTE5DO56U5
 |- Actor Path: /Game/ThirdPerson/Maps/ThirdPersonMap.ThirdPersonMap:PersistentLevel.TargetPoint_UAID_C85B768C364655DC02_1080568809
 |- Actor Package: /Game/__ExternalActors__/ThirdPerson/Maps/ThirdPersonMap/E/X4/563PZ7CNXMSQE5QV9KCPF6
 |- Actor Path: /Game/ThirdPerson/Maps/ThirdPersonMap.ThirdPersonMap:PersistentLevel.TargetPoint_UAID_C85B768C364655DC02_1086303810
 |- Actor Package: /Game/__ExternalActors__/ThirdPerson/Maps/ThirdPersonMap/A/KZ/Q48YTE02Q84XUIJ9I17QPW
 |- Actor Path: /Game/ThirdPerson/Maps/ThirdPersonMap.ThirdPersonMap:PersistentLevel.TargetPoint_UAID_C85B768C364655DC02_1088454811
 |- Actor Package: /Game/__ExternalActors__/ThirdPerson/Maps/ThirdPersonMap/7/45/6NQK38O3TLL0C2CNTRX8N3
 |- Actor Path: /Game/ThirdPerson/Maps/ThirdPersonMap.ThirdPersonMap:PersistentLevel.TargetPoint_UAID_C85B768C364655DC02_1094534812
 |- Actor Package: /Game/__ExternalActors__/ThirdPerson/Maps/ThirdPersonMap/4/DL/SQGOSARFOV1QHMEI66U2HN
 |- Actor Path: /Game/ThirdPerson/Maps/ThirdPersonMap.ThirdPersonMap:PersistentLevel.VolumetricCloud_0
 |- Actor Package: /Game/__ExternalActors__/ThirdPerson/Maps/ThirdPersonMap/3/EY/87SHEJN5UBEAN2K5OV1G6R
 |- Actor Path: /Game/ThirdPerson/Maps/ThirdPersonMap.ThirdPersonMap:PersistentLevel.WorldDataLayers
 |- Actor Package: /Game/__ExternalActors__/ThirdPerson/Maps/ThirdPersonMap/0/43/HYQWORMY4JDQ5X3OKZXFLC

----------------------------------------------------------------------------------------------------------------
ThirdPersonMap - Runtime Hash Set
----------------------------------------------------------------------------------------------------------------

